// Jest Snapshot v1, https://goo.gl/fbAQLP

exports[`BlocklyDrawerComponent initializes correctly when initial workspace is passed 1`] = `"<div style=\\"min-height: 400px;\\"><div style=\\"position: absolute; left: 0px; top: 0px; width: 0px; height: 0px;\\"></div><xml style=\\"display: none;\\"></xml></div>"`;

exports[`BlocklyDrawerComponent renders correctly when no tools nor predefined categories are passed 1`] = `
<div
  style={
    Object {
      "minHeight": "400px",
    }
  }
>
  <div
    style={
      Object {
        "position": "absolute",
      }
    }
  />
  <xml
    style={
      Object {
        "display": "none",
      }
    }
  />
</div>
`;

exports[`BlocklyDrawerComponent renders correctly when predefined categories are passed 1`] = `"<div style=\\"min-height: 400px;\\"><div style=\\"position: absolute; left: 0px; top: 0px; width: 0px; height: 0px;\\"></div><xml style=\\"display: none;\\"><category name=\\"Functions\\" custom=\\"PROCEDURE\\"></category></xml></div>"`;

exports[`BlocklyDrawerComponent renders correctly when tools are passed 1`] = `"<div style=\\"min-height: 400px;\\"><div style=\\"position: absolute; left: 0px; top: 0px; width: 0px; height: 0px;\\"></div><xml style=\\"display: none;\\"><category name=\\"TestCategory\\"><block type=\\"TestName\\"></block></category></xml></div>"`;
